[t=   0.25] ESP-ROM:esp32s3-20210327
[t=   0.25] Build:Mar 27 2021
[t=   0.25] rst:0x1 (POWERON),boot:0x2b (SPI_FAST_FLASH_BOOT)
[t=   0.25] SPIWP:0xee
[t=   0.25] mode:DIO, clock div:1
[t=   0.25] load:0x3fce2810,len:0x1870
[t=   0.25] load:0x403c8700,len:0x4
[t=   0.25] load:0x403c8704,len:0xce8
[t=   0.25] load:0x403cb700,len:0x2ed8
[t=   0.25] entry 0x403c8918
[t=   0.25] [0;32mI (27) boot: ESP-IDF 0bb5391f-dirty 2nd stage bootloader[0m
[t=   0.25] [0;32mI (27) boot: compile time Sep 14 2026 19:50:57[0m
[t=   0.25] [0;32mI (27) boot: Multicore bootloader[0m
[t=   0.25] [0;32mI (31) boot: chip revision: v0.2[0m
[t=   0.25] [0;32mI (34) boot: efuse block revision: v1.3[0m
[t=   0.25] [0;32mI (39) boot.esp32s3: Boot SPI Speed : 80MHz[0m
[t=   0.25] [0;32mI (44) boot.esp32s3: SPI Mode       : DIO[0m
[t=   0.25] [0;32mI (48) boot.esp32s3: SPI Flash Size : 16MB[0m
[t=   0.25] [0;32mI (53) boot: Enabling RNG early entropy source...[0m
[t=   0.25] [0;32mI (59) boot: Partition Table:[0m
[t=   0.25] [0;32mI (62) boot: ## Label            Usage          Type ST Offset   Length[0m
[t=   0.25] [0;32mI (70) boot:  0 nvs              WiFi data        01 02 00009000 00006000[0m
[t=   0.25] [0;32mI (77) boot:  1 otadata          OTA data         01 00 0000f000 00002000[0m
[t=   0.25] [0;32mI (85) boot:  2 phy_init         RF data          01 01 00011000 00001000[0m
[t=   0.25] [0;32mI (92) boot:  3 ota_0            OTA app          00 10 00020000 00400000[0m
[t=   0.25] [0;32mI (99) boot:  4 ota_1            OTA app          00 11 00420000 00400000[0m
[t=   0.25] [0;32mI (107) boot:  5 storage          Unknown data     01 82 00820000 00100000[0m
[t=   0.25] [0;32mI (115) boot: End of partition table[0m
[t=   0.25] [0;32mI (119) esp_image: segment 0: paddr=00020020 vaddr=3c0c0020 size=3bee4h (245476) map[0m
[t=   0.25] [0;32mI (171) esp_image: segment 1: paddr=0005bf0c vaddr=3fc9b400 size=0410ch ( 16652) load[0m
[t=   0.25] [0;32mI (174) esp_image: segment 2: paddr=00060020 vaddr=42000020 size=bcdb4h (773556) map[0m
[t=   0.68] [0;32mI (313) esp_image: segment 3: paddr=0011cddc vaddr=3fc9f50c size=00c34h (  3124) load[0m
[t=   0.68] [0;32mI (314) esp_image: segment 4: paddr=0011da18 vaddr=40374000 size=17330h ( 95024) load[0m
[t=   0.68] [0;32mI (348) boot: Loaded app from partition at offset 0x20000[0m
[t=   0.68] [0;32mI (349) boot: Disabling RNG early entropy source...[0m
[t=   0.68] [0;32mI (361) cpu_start: Multicore app[0m
[t=   0.68] [0;32mI (370) cpu_start: Pro cpu start user code[0m
[t=   0.68] [0;32mI (370) cpu_start: cpu freq: 160000000 Hz[0m
[t=   0.68] [0;32mI (370) app_init: Application information:[0m
[t=   0.68] [0;32mI (373) app_init: Project name:     aws_mqtt[0m
[t=   0.68] [0;32mI (378) app_init: App version:      1.0.2[0m
[t=   0.68] [0;32mI (382) app_init: Compile time:     Sep 14 2026 19:49:54[0m
[t=   0.68] [0;32mI (388) app_init: ELF file SHA256:  a543dca16...[0m
[t=   0.68] [0;32mI (394) app_init: ESP-IDF:          0bb5391f-dirty[0m
[t=   0.68] [0;32mI (399) efuse_init: Min chip rev:     v0.0[0m
[t=   0.68] [0;32mI (404) efuse_init: Max chip rev:     v0.99 [0m
[t=   0.68] [0;32mI (409) efuse_init: Chip rev:         v0.2[0m
[t=   0.68] [0;32mI (414) heap_init: Initializing. RAM available for dynamic allocation:[0m
[t=   0.68] [0;32mI (421) heap_init: At 3FCA8178 len 00041598 (261 KiB): RAM[0m
[t=   0.68] [0;32mI (427) heap_init: At 3FCE9710 len 00005724 (21 KiB): RAM[0m
[t=   0.68] [0;32mI (433) heap_init: At 3FCF0000 len 00008000 (32 KiB): DRAM[0m
[t=   0.68] [0;32mI (439) heap_init: At 600FE100 len 00001EE8 (7 KiB): RTCRAM[0m
[t=   0.68] [0;32mI (447) spi_flash: detected chip: generic[0m
[t=   0.68] [0;32mI (450) spi_flash: flash io: dio[0m
[t=   0.68] [0;32mI (454) sleep: Configure to isolate all GPIO pins in sleep state[0m
[t=   0.68] [0;32mI (461) sleep: Enable automatic switching of GPIO sleep configuration[0m
[t=   0.68] [0;32mI (468) main_task: Started on CPU0[0m
[t=   0.68] [0;32mI (498) main_task: Calling app_main()[0m
[t=   0.68] [0;32mI (498) app: SHT30 example starting (IDF 0bb5391f-dirty, fw 1.0.2)[0m
[t=   0.68] [0;32mI (498) app: chip=esp32s3 cores=2[0m
[t=   0.68] [0;32mI (528) pp: pp rom version: e7ae62f[0m
[t=   0.68] [0;32mI (528) net80211: net80211 rom version: e7ae62f[0m
[t=   0.68] I (538) wifi:wifi driver task: 3fcb23b8, prio:23, stack:6656, core=0
[t=   0.68] I (548) wifi:wifi firmware version: b0fd6006b
[t=   0.68] I (548) wifi:wifi certification version: v7.0
[t=   0.68] I (548) wifi:config NVS flash: enabled
[t=   0.68] I (548) wifi:config nano formating: disabled
[t=   0.68] I (548) wifi:Init data frame dynamic rx buffer num: 32
[t=   0.68] I (558) wifi:Init static rx mgmt buffer num: 5
[t=   0.68] I (558) wifi:Init management short buffer num: 32
[t=   0.68] I (568) wifi:Init dynamic tx buffer num: 32
[t=   0.68] I (568) wifi:Init static tx FG buffer num: 2
[t=   0.68] I (578) wifi:Init static rx buffer size: 1600
[t=   0.68] I (578) wifi:Init static rx buffer num: 10
[t=   0.68] I (578) wifi:Init dynamic rx buffer num: 32
[t=   0.68] [0;32mI (588) wifi_init: rx ba win: 6[0m
[t=   0.68] [0;32mI (588) wifi_init: accept mbox: 6[0m
[t=   0.68] [0;32mI (598) wifi_init: tcpip mbox: 32[0m
[t=   0.68] [0;32mI (598) wifi_init: udp mbox: 6[0m
[t=   0.68] [0;32mI (598) wifi_init: tcp mbox: 6[0m
[t=   0.68] [0;32mI (608) wifi_init: tcp tx win: 5760[0m
[t=   0.68] [0;32mI (608) wifi_init: tcp rx win: 5760[0m
[t=   0.68] [0;32mI (608) wifi_init: tcp mss: 1440[0m
[t=   0.68] [0;32mI (618) wifi_init: WiFi IRAM OP enabled[0m
[t=   0.68] [0;32mI (618) wifi_init: WiFi RX IRAM OP enabled[0m
[t=   0.68] [0;33mW (628) time: time restored from NVS: 1789386756 (2026-09-14T19:52:36) - running on the RTC, NOT yet verified (offline interval is unknown)[0m
[t=   0.68] [0;32mI (638) gpio: GPIO[12]| InputEn: 1| OutputEn: 1| OpenDrain: 1| Pullup: 1| Pulldown: 0| Intr:0 [0m
[t=   0.68] [0;32mI (648) gpio: GPIO[13]| InputEn: 1| OutputEn: 1| OpenDrain: 1| Pullup: 1| Pulldown: 0| Intr:0 [0m
[t=   0.68] [0;32mI (658) sht30: SHT30 init ok: I2C0 SDA=12 SCL=13 addr=0x44[0m
[t=   0.68] [0;32mI (668) gpio: GPIO[48]| InputEn: 0| OutputEn: 1| OpenDrain: 0| Pullup: 1| Pulldown: 0| Intr:0 [0m
[t=   0.68] [0;32mI (678) lamp: lamp init ok: GPIO48 (WS2812, off)[0m
[t=   0.68] [0;32mI (678) alarm: alarm config loaded from NVS[0m
[t=   0.68] [0;32mI (688) alarm:   slot 0: ON  13:51 days=0x7F dur=8s id=1[0m
[t=   0.68] [0;32mI (688) alarm:   slot 1: off[0m
[t=   0.68] [0;32mI (698) alarm:   slot 2: off[0m
[t=   0.68] [0;32mI (698) alarm:   slot 3: off[0m
[t=   0.68] [0;33mW (698) alarm: alarm[0] missed today (13:51 was 21696s ago) - marking missed, will NOT fire late[0m
[t=   0.68] [0;33mW (708) alarm:   (now=2026-09-14T19:52:36)[0m
[t=   0.94] [0;32mI (718) alarm: alarm engine running (1 Hz, local time only, TZ=CST-8, min_valid_epoch=1600000000)[0m
[t=   0.94] [0;32mI (728) phy_init: phy_version 680,a6008b2,Jun  4 2024,16:41:10[0m
[t=   0.94] I (768) wifi:mode : sta (b4:3a:45:a6:b4:c4)
[t=   0.94] I (768) wifi:enable tsf
[t=   0.94] [0;32mI (768) wifi: connecting to "TP-LINK_501" (password set, max 20s)...[0m
[t=   0.94] I (778) wifi:new:<6,2>, old:<1,0>, ap:<255,255>, sta:<6,2>, prof:1, snd_ch_cfg:0x0
[t=   0.94] I (778) wifi:state: init -> auth (0xb0)
[t=   0.94] I (788) wifi:state: auth -> assoc (0x0)
[t=   0.94] I (788) wifi:state: assoc -> run (0x10)
[t=   0.94] I (808) wifi:connected with TP-LINK_501, aid = 2, channel 6, 40D, bssid = 80:8f:1d:a2:c1:43
[t=   0.94] I (808) wifi:security: WPA2-PSK, phy: bgn, rssi: -39
[t=   0.94] I (818) wifi:pm start, type: 1
[t=   0.94] 
[t=   0.94] I (818) wifi:dp: 1, bi: 102400, li: 3, scale listen interval from 307200 us to 307200 us
[t=   0.94] I (818) wifi:set rx beacon pti, rx_bcn_pti: 0, bcn_timeout: 25000, mt_pti: 0, mt_time: 10000
[t=   0.94] I (838) wifi:<ba-add>idx:0 (ifx:0, 80:8f:1d:a2:c1:43), tid:0, ssn:0, winSize:64
[t=   0.94] I (868) wifi:AP's beacon interval = 102400 us, DTIM period = 1
[t=   2.06] [0;32mI (1828) wifi: got ip 192.168.0.102[0m
[t=   2.06] [0;32mI (1828) esp_netif_handlers: sta ip: 192.168.0.102, mask: 255.255.255.0, gw: 192.168.0.1[0m
[t=   2.06] I (1828) wifi:Set ps type: 1, coexist: 0
[t=   2.06] 
[t=   2.06] [0;32mI (1828) time: SNTP started: ntp.aliyun.com, cn.pool.ntp.org, pool.ntp.org (resync every 900 s)[0m
[t=   2.06] [0;32mI (1838) app: backend = AWS (set by APP_BACKEND in main/app_config.h)[0m
[t=   2.06] [0;32mI (1848) aws_iot: endpoint=a1ilmvmz892cea-ats.iot.ap-southeast-2.amazonaws.com port=8883 thing=ESP32S3 device=esp32s3_b43a45a6b4c4 alpn=x-amzn-mqtt-ca fw=1.0.2[0m
[t=   2.06] [0;32mI (1868) aws_iot: AWS IoT start: uri=mqtts://a1ilmvmz892cea-ats.iot.ap-southeast-2.amazonaws.com:8883 thing=ESP32S3 (Device Shadow mode)[0m
[t=   2.06] [0;32mI (1878) shadow: shadow start: device=esp32s3_b43a45a6b4c4 thing=ESP32S3 interval=60s[0m
[t=   2.06] [0;32mI (1888) shadow:   update topic: $aws/things/ESP32S3/shadow/update[0m
[t=   2.06] [0;32mI (1888) shadow:   NOTE: the AWS policy must allow topic/$aws/things/ESP32S3/shadow/*[0m
[t=   2.06] [0;32mI (1898) gpio: GPIO[0]| InputEn: 1| OutputEn: 0| OpenDrain: 0| Pullup: 1| Pulldown: 0| Intr:0 [0m
[t=   2.06] 
[t=   2.06] --- serial console (fw 1.0.2) ---
[t=   2.06]   help
[t=   2.06]   time                               show clock
[t=   2.06]   time set <epoch>                   force-set clock (offline test)
[t=   2.06]   alarm                              list slots
[t=   2.06]   alarm set <slot> <HH:MM> <days> [dur]
[t=   2.06]                                      days = all | 0..6 list (0=Sun)
[t=   2.06]   alarm off <slot>                   disable a slot
[t=   2.06]   ring [sec]                         fire a test ring now (default 5)
[t=   2.06]   wifi / wifi off / wifi on           status / simulate NO NETWORK
[t=   2.06]   shadow / reboot
[t=   2.06] -------------------------------
[t=   2.06] 
[t=   2.06] [0;32mI (1958) console: serial console ready - type 'help'[0m
[t=   2.06] [0;32mI (1958) app: ready. ssid=TP-LINK_501 aws=a1ilmvmz892cea-ats.iot.ap-southeast-2.amazonaws.com:8883 thing=ESP32S3 shadow=1 / hold GPIO0 3s to re-provision.[0m
[t=   2.06] [0;32mI (1978) ota: power-on version check: running 1.0.2, url=http://192.168.0.101:8081/ota.json[0m
[t=  12.01] [0;32mI (11918) aws_iot: connected to AWS IoT Core (mqtts://a1ilmvmz892cea-ats.iot.ap-southeast-2.amazonaws.com:8883)[0m
[t=  12.01] [0;32mI (11918) shadow: MQTT connected - shadow topics will be (re)subscribed by shadow_task[0m
[t=  13.13] [0;32mI (12878) shadow: MQTT connected - subscribing shadow topics for thing=ESP32S3[0m
[t=  13.13] [0;31mE (12898) i2c.master: I2C transaction unexpected nack detected[0m
[t=  13.13] [0;31mE (12898) i2c.master: s_i2c_synchronous_transaction(888): I2C transaction failed[0m
[t=  13.13] [0;31mE (12898) i2c.master: i2c_master_receive(1159): I2C transaction failed[0m
[t=  13.13] [0;33mW (12908) sht30: receive failed: ESP_ERR_INVALID_STATE[0m
[t=  13.13] [0;32mI (12908) shadow: reported -> 813 bytes: {"state":{"reported":{"device":"esp32s3_b43a45a6b4c4","fw":"1.0.2","lamp":"OFF","temperature":null,"humidity":null,"rssi":-39,"uptime":12,"report_interval_s":60,"time":{"epoch":1789386768,"iso":"2026-09-14T19:52:48","src":"nvs","synced":false,"tz":"CST-8","valid":true},"alarm":{"state":"idle","next_fire":1789451460,"next_fire_iso":"2026-09-15T13:51:00","last_fire":1789365060,"last_fire_iso":"2026-09-14T13:51:00","ringing_left_s":0},"alarms":[{"id":1,"enable":true,"hour":13,"minute":51,"days":[0,1,2,3,4,5,6],"duration_s":8},{"id":2,"enable":false,"hour":0,"minute":0,"days":[0,1,2,3,4,5,6],"duration_s":10},{"id":3,"enable":false,"hour":0,"minute":0,"days":[0,1,2,3,4,5,6],"duration_s":10},{"id":4,"enable":false,"hour":0,"minute":0,"days":[0,1,2,3,4,5,6],"duration_s":10}],"cmd_result":"none","cmd_seq":0}}}[0m
[t=  13.13] [0;32mI (13048) time: SNTP synced (#1): epoch=1789387094 (2026-09-14T19:58:14)[0m
[t=  17.10] [0;31mE (16998) esp-tls: [sock=54] select() timeout[0m
[t=  17.10] [0;31mE (16998) transport_base: Failed to open a new connection: 32774[0m
[t=  17.10] [0;31mE (16998) HTTP_CLIENT: Connection failed, sock < 0[0m
[t=  17.10] [0;31mE (16998) ota: GET http://192.168.0.101:8081/ota.json failed: ESP_ERR_HTTP_CONNECT[0m
[t=  17.10] [0;33mW (17008) app: version check failed (ESP_ERR_HTTP_CONNECT) - booting current firmware 1.0.2[0m
[t=  17.10] [0;32mI (17018) main_task: Returned from app_main()[0m
[t=  59.80] [0;32mI (59738) time: TIME epoch=1789387141 iso=2026-09-14T19:59:01.272 src=sntp synced=1 up=59[0m
[t=  73.16] [0;32mI (73008) shadow: reported -> 813 bytes: {"state":{"reported":{"device":"esp32s3_b43a45a6b4c4","fw":"1.0.2","lamp":"OFF","temperature":29.8,"humidity":57.7,"rssi":-37,"uptime":72,"report_interval_s":60,"time":{"epoch":1789387154,"iso":"2026-09-14T19:59:14","src":"sntp","synced":true,"tz":"CST-8","valid":true},"alarm":{"state":"idle","next_fire":1789451460,"next_fire_iso":"2026-09-15T13:51:00","last_fire":1789365060,"last_fire_iso":"2026-09-14T13:51:00","ringing_left_s":0},"alarms":[{"id":1,"enable":true,"hour":13,"minute":51,"days":[0,1,2,3,4,5,6],"duration_s":8},{"id":2,"enable":false,"hour":0,"minute":0,"days":[0,1,2,3,4,5,6],"duration_s":10},{"id":3,"enable":false,"hour":0,"minute":0,"days":[0,1,2,3,4,5,6],"duration_s":10},{"id":4,"enable":false,"hour":0,"minute":0,"days":[0,1,2,3,4,5,6],"duration_s":10}],"cmd_result":"none","cmd_seq":0}}}[0m
[t=  73.72] [0;32mI (73648) aws_iot: large inbound message: 3100 bytes (chunk=3100 off=0)[0m
[t=  73.72] [0;32mI (73658) shadow: update ACCEPTED (shadow version=508)[0m
[t=  74.17] [0;31mE (74058) esp-tls-mbedtls: read error :-0x7200:[0m
[t=  74.17] [0;31mE (74068) transport_base: esp_tls_conn_read error, errno=Connection already in progress[0m
[t=  74.17] [0;31mE (74068) mqtt_client: esp_mqtt_handle_transport_read_error: transport_read() error: errno=119[0m
[t=  74.17] [0;31mE (74078) aws_iot: transport error: tls=0x0, errno=0[0m
[t=  74.17] [0;31mE (74078) mqtt_client: mqtt_process_receive: mqtt_message_receive() returned -2[0m
[t=  74.17] [0;33mW (74088) aws_iot: disconnected from AWS IoT, will auto-reconnect[0m
[t=  91.72] [0;32mI (91638) aws_iot: connected to AWS IoT Core (mqtts://a1ilmvmz892cea-ats.iot.ap-southeast-2.amazonaws.com:8883)[0m
[t=  91.72] [0;32mI (91638) shadow: MQTT connected - shadow topics will be (re)subscribed by shadow_task[0m
[t=  92.26] [0;32mI (92088) shadow: MQTT connected - subscribing shadow topics for thing=ESP32S3[0m
[t=  92.26] [0;32mI (92118) shadow: reported -> 813 bytes: {"state":{"reported":{"device":"esp32s3_b43a45a6b4c4","fw":"1.0.2","lamp":"OFF","temperature":29.8,"humidity":57.7,"rssi":-37,"uptime":91,"report_interval_s":60,"time":{"epoch":1789387173,"iso":"2026-09-14T19:59:33","src":"sntp","synced":true,"tz":"CST-8","valid":true},"alarm":{"state":"idle","next_fire":1789451460,"next_fire_iso":"2026-09-15T13:51:00","last_fire":1789365060,"last_fire_iso":"2026-09-14T13:51:00","ringing_left_s":0},"alarms":[{"id":1,"enable":true,"hour":13,"minute":51,"days":[0,1,2,3,4,5,6],"duration_s":8},{"id":2,"enable":false,"hour":0,"minute":0,"days":[0,1,2,3,4,5,6],"duration_s":10},{"id":3,"enable":false,"hour":0,"minute":0,"days":[0,1,2,3,4,5,6],"duration_s":10},{"id":4,"enable":false,"hour":0,"minute":0,"days":[0,1,2,3,4,5,6],"duration_s":10}],"cmd_result":"none","cmd_seq":0}}}[0m
[t= 119.81] [0;32mI (119738) time: TIME epoch=1789387201 iso=2026-09-14T20:00:01.272 src=sntp synced=1 up=119[0m
